// Jest Snapshot v1, https://goo.gl/fbAQLP

exports[`renders correctly 1`] = `
<div>
  <div>
    <div
      class="undefined"
    >
      <div>
        <span />
        <span />
        <span />
      </div>
      <div>
        <a
          href="https://github.com/nilkesede"
          rel="noreferrer"
          target="_blank"
        >
          <div
            duration="500"
          >
            <span>
              ~ 
            </span>
            
            <span />
          </div>
        </a>
      </div>
    </div>
  </div>
</div>
`;
